…or create a new repository on the command line

echo "# test8" >> README.md
git init
git add README.md
git commit -m "first commit"
git branch -M main
git remote add origin git@github.com:stoshckov/test8.git
git push -u origin main


…or push an existing repository from the command line


git remote add origin git@github.com:stoshckov/test8.git
git branch -M main
git push -u origin main


stoshckovs-MacBook-Air:test8 stoshckov$ git status
On branch main
Your branch is up to date with 'origin/main'.

nothing to commit, working tree clean
stoshckovs-MacBook-Air:test8 stoshckov$
=======================================task2

stoshckovs-MacBook-Air:test8 stoshckov$ pwd
/Users/stoshckov/Desktop/LAST/test8
stoshckovs-MacBook-Air:test8 stoshckov$ l
total 24
-rw-r--r--  1 501  20   19 Dec  9 10:23 README.md
-rw-r--r--@ 1 501  20  587 Dec  9 10:30 tasks.txt
-rw-r--r--  1 501  20    0 Dec  9 10:37 main
-rw-r--r--  1 501  20  190 Dec  9 10:38 task2.txt
stoshckovs-MacBook-Air:test8 stoshckov$
stoshckovs-MacBook-Air:test8 stoshckov$ git status
On branch main
Your branch is up to date with 'origin/main'.

Untracked files:
  (use "git add <file>..." to include in what will be committed)
	main
	task2.txt

nothing added to commit but untracked files present (use "git add" to track)
stoshckovs-MacBook-Air:test8 stoshckov$
stoshckovs-MacBook-Air:test8 stoshckov$  
stoshckovs-MacBook-Air:test8 stoshckov$ git add tasks2.txt
fatal: pathspec 'tasks2.txt' did not match any files
stoshckovs-MacBook-Air:test8 stoshckov$ git add task2.txt
stoshckovs-MacBook-Air:test8 stoshckov$
stoshckovs-MacBook-Air:test8 stoshckov$ git add .
stoshckovs-MacBook-Air:test8 stoshckov$ git commit -m "task2 progress..."
[main 2e4090d] task2 progress...
 2 files changed, 9 insertions(+)
 create mode 100644 main
 create mode 100644 task2.txt
stoshckovs-MacBook-Air:test8 stoshckov$
stoshckovs-MacBook-Air:test8 stoshckov$ git status
On branch main
Your branch is ahead of 'origin/main' by 1 commit.
  (use "git push" to publish your local commits)

nothing to commit, working tree clean
stoshckovs-MacBook-Air:test8 stoshckov$ git push
Enumerating objects: 5, done.
Counting objects: 100% (5/5), done.
Delta compression using up to 4 threads
Compressing objects: 100% (3/3), done.
Writing objects: 100% (4/4), 473 bytes | 473.00 KiB/s, done.
Total 4 (delta 0), reused 0 (delta 0), pack-reused 0
To github.com:stoshckov/test8.git
   26a7f4d..2e4090d  main -> main
stoshckovs-MacBook-Air:test8 stoshckov$
